###############################################################################
#
# IAR ANSI C/C++ Compiler V8.22.1.15669/W32 for ARM       18/Dec/2022  18:26:07
# Copyright 1999-2018 IAR Systems AB.
#
#    Cpu mode     =  thumb
#    Endian       =  little
#    Source file  =  
#        C:\Users\pnu4\Downloads\embedded_system_design-lab\PROJECT\termp_o\user\motor.c
#    Command line =  
#        -f C:\Users\pnu4\AppData\Local\Temp\EWC666.tmp
#        (C:\Users\pnu4\Downloads\embedded_system_design-lab\PROJECT\termp_o\user\motor.c
#        -D USE_STDPERIPH_DRIVER -D STM32F10X_CL -lC
#        C:\Users\pnu4\Downloads\embedded_system_design-lab\PROJECT\termp_o\Debug\List
#        -o
#        C:\Users\pnu4\Downloads\embedded_system_design-lab\PROJECT\termp_o\Debug\Obj
#        --no_cse --no_unroll --no_inline --no_code_motion --no_tbaa
#        --no_clustering --no_scheduling --debug --endian=little
#        --cpu=Cortex-M3 -e --fpu=None --dlib_config "C:\Program Files
#        (x86)\IAR Systems\Embedded Workbench
#        8.0\arm\INC\c\DLib_Config_Normal.h" -I
#        C:\Users\pnu4\Downloads\embedded_system_design-lab\PROJECT\termp_o\libraries\CMSIS\DeviceSupport\
#        -I
#        C:\Users\pnu4\Downloads\embedded_system_design-lab\PROJECT\termp_o\libraries\CMSIS\DeviceSupport\Startup\
#        -I
#        C:\Users\pnu4\Downloads\embedded_system_design-lab\PROJECT\termp_o\libraries\STM32F10x_StdPeriph_Driver_v3.5\inc\
#        -I
#        C:\Users\pnu4\Downloads\embedded_system_design-lab\PROJECT\termp_o\libraries\STM32F10x_StdPeriph_Driver_v3.5\src\
#        -I
#        C:\Users\pnu4\Downloads\embedded_system_design-lab\PROJECT\termp_o\user\
#        -I
#        C:\Users\pnu4\Downloads\embedded_system_design-lab\PROJECT\termp_o\user\inc\
#        -Ol -I "C:\Program Files (x86)\IAR Systems\Embedded Workbench
#        8.0\arm\CMSIS\Core\Include\" -I "C:\Program Files (x86)\IAR
#        Systems\Embedded Workbench 8.0\arm\CMSIS\DSP\Include\")
#    Locale       =  C
#    List file    =  
#        C:\Users\pnu4\Downloads\embedded_system_design-lab\PROJECT\termp_o\Debug\List\motor.lst
#    Object file  =  
#        C:\Users\pnu4\Downloads\embedded_system_design-lab\PROJECT\termp_o\Debug\Obj\motor.o
#
###############################################################################

C:\Users\pnu4\Downloads\embedded_system_design-lab\PROJECT\termp_o\user\motor.c
      1          #include "motor.h"
      2          

   \                                 In section .text, align 2, keep-with-next
      3          void motor_RCC_Configure() {
   \                     motor_RCC_Configure: (+1)
   \   00000000   0xB580             PUSH     {R7,LR}
      4            RCC_APB2PeriphClockCmd(RCC_APB2Periph_GPIOE, ENABLE);
   \   00000002   0x2101             MOVS     R1,#+1
   \   00000004   0x2040             MOVS     R0,#+64
   \   00000006   0x.... 0x....      BL       RCC_APB2PeriphClockCmd
      5          }
   \   0000000A   0xBD01             POP      {R0,PC}          ;; return
      6          

   \                                 In section .text, align 2, keep-with-next
      7          void motor_GPIO_Configure() {
   \                     motor_GPIO_Configure: (+1)
   \   00000000   0xB580             PUSH     {R7,LR}
      8            GPIO_InitTypeDef GPIO_InitStructure;
      9            
     10            GPIO_InitStructure.GPIO_Pin = GPIO_Pin_2;
   \   00000002   0x2004             MOVS     R0,#+4
   \   00000004   0xF8AD 0x0000      STRH     R0,[SP, #+0]
     11            GPIO_InitStructure.GPIO_Mode = GPIO_Mode_Out_PP;
   \   00000008   0x2010             MOVS     R0,#+16
   \   0000000A   0xF88D 0x0003      STRB     R0,[SP, #+3]
     12            GPIO_InitStructure.GPIO_Speed = GPIO_Speed_50MHz;
   \   0000000E   0x2003             MOVS     R0,#+3
   \   00000010   0xF88D 0x0002      STRB     R0,[SP, #+2]
     13            GPIO_Init(GPIOE, &GPIO_InitStructure);
   \   00000014   0x4669             MOV      R1,SP
   \   00000016   0x....             LDR.N    R0,??DataTable1  ;; 0x40011800
   \   00000018   0x.... 0x....      BL       GPIO_Init
     14          }
   \   0000001C   0xBD01             POP      {R0,PC}          ;; return
     15          

   \                                 In section .text, align 2, keep-with-next
     16          void motor_Init() {
   \                     motor_Init: (+1)
   \   00000000   0xB580             PUSH     {R7,LR}
     17            motor_RCC_Configure();
   \   00000002   0x.... 0x....      BL       motor_RCC_Configure
     18            motor_GPIO_Configure();
   \   00000006   0x.... 0x....      BL       motor_GPIO_Configure
     19          }
   \   0000000A   0xBD01             POP      {R0,PC}          ;; return

   \                                 In section .text, align 4, keep-with-next
   \                     ??DataTable1:
   \   00000000   0x40011800         DC32     0x40011800

   Maximum stack usage in bytes:

   .cstack Function
   ------- --------
       8   motor_GPIO_Configure
         8   -> GPIO_Init
       8   motor_Init
         8   -> motor_GPIO_Configure
         8   -> motor_RCC_Configure
       8   motor_RCC_Configure
         8   -> RCC_APB2PeriphClockCmd


   Section sizes:

   Bytes  Function/Label
   -----  --------------
       4  ??DataTable1
      30  motor_GPIO_Configure
      12  motor_Init
      12  motor_RCC_Configure

 
 58 bytes in section .text
 
 58 bytes of CODE memory

Errors: none
Warnings: none
