###############################################################################
#
# IAR ANSI C/C++ Compiler V9.30.1.335/W64 for ARM         07/Dec/2022  00:23:16
# Copyright 1999-2022 IAR Systems AB.
#
#    Cpu mode                     =  thumb
#    Endian                       =  little
#    Source file                  =
#        C:\Users\ZETA\Desktop\EMB\embedded_system_design\PROJECT\termp\user\bluetooth.c
#    Command line                 =
#        -f
#        C:\Users\ZETA\Desktop\EMB\embedded_system_design\PROJECT\termp\Debug\Obj\user\bluetooth.o.rsp
#        (C:\Users\ZETA\Desktop\EMB\embedded_system_design\PROJECT\termp\user\bluetooth.c
#        -D USE_STDPERIPH_DRIVER -D STM32F10X_CL -lC
#        C:\Users\ZETA\Desktop\EMB\embedded_system_design\PROJECT\termp\Debug\List\user
#        -o
#        C:\Users\ZETA\Desktop\EMB\embedded_system_design\PROJECT\termp\Debug\Obj\user
#        --no_cse --no_unroll --no_inline --no_code_motion --no_tbaa
#        --no_clustering --no_scheduling --debug --endian=little
#        --cpu=Cortex-M3 -e --fpu=None --dlib_config "C:\Program Files\IAR
#        Systems\Embedded Workbench 9.1\arm\inc\c\DLib_Config_Normal.h" -I
#        C:\Users\ZETA\Desktop\EMB\embedded_system_design\PROJECT\termp\libraries\CMSIS\DeviceSupport\
#        -I
#        C:\Users\ZETA\Desktop\EMB\embedded_system_design\PROJECT\termp\libraries\CMSIS\DeviceSupport\Startup\
#        -I
#        C:\Users\ZETA\Desktop\EMB\embedded_system_design\PROJECT\termp\libraries\STM32F10x_StdPeriph_Driver_v3.5\inc\
#        -I
#        C:\Users\ZETA\Desktop\EMB\embedded_system_design\PROJECT\termp\libraries\STM32F10x_StdPeriph_Driver_v3.5\src\
#        -I
#        C:\Users\ZETA\Desktop\EMB\embedded_system_design\PROJECT\termp\user\
#        -I
#        C:\Users\ZETA\Desktop\EMB\embedded_system_design\PROJECT\termp\user\inc\
#        -Ol -I "C:\Program Files\IAR Systems\Embedded Workbench
#        9.1\arm\CMSIS\Core\Include\\") --dependencies=n
#        C:\Users\ZETA\Desktop\EMB\embedded_system_design\PROJECT\termp\Debug\Obj\user\bluetooth.o.d
#    Locale                       =  C
#    List file                    =
#        C:\Users\ZETA\Desktop\EMB\embedded_system_design\PROJECT\termp\Debug\List\user\bluetooth.lst
#    Object file                  =
#        C:\Users\ZETA\Desktop\EMB\embedded_system_design\PROJECT\termp\Debug\Obj\user\bluetooth.o
#    Runtime model:                  
#      __CPP_Runtime              =  1
#      __SystemLibrary            =  DLib
#      __dlib_file_descriptor     =  0
#      __dlib_full_locale_support =  0
#      __dlib_version             =  6
#      __size_limit               =  32768|ARM.EW.LINKER
#
###############################################################################

C:\Users\ZETA\Desktop\EMB\embedded_system_design\PROJECT\termp\user\bluetooth.c
      1          #include "common.h"

   \                                 In section .text, align 4, keep-with-next
   \   static __softfp void __NVIC_EnableIRQ(IRQn_Type)
   \                     __NVIC_EnableIRQ: (+1)
   \        0x0   0x0001             MOVS     R1,R0
   \        0x2   0xB249             SXTB     R1,R1
   \        0x4   0x2900             CMP      R1,#+0
   \        0x6   0xD408             BMI.N    ??__NVIC_EnableIRQ_0
   \        0x8   0x2201             MOVS     R2,#+1
   \        0xA   0xF010 0x011F      ANDS     R1,R0,#0x1F
   \        0xE   0x408A             LSLS     R2,R2,R1
   \       0x10   0x....             LDR.N    R1,??DataTable3
   \       0x12   0xB240             SXTB     R0,R0
   \       0x14   0x0940             LSRS     R0,R0,#+5
   \       0x16   0xF841 0x2020      STR      R2,[R1, R0, LSL #+2]
   \                     ??__NVIC_EnableIRQ_0: (+1)
   \       0x1A   0x4770             BX       LR
      2          #include "bluetooth.h"
      3          
      4          
      5          void bt_init(BTConfig *config);
      6          int bt_send_data(const char *data, BTConfig *config);
      7          

   \                                 In section .text, align 2, keep-with-next
      8          void BT_RCC_Configure(void) {  
   \                     BT_RCC_Configure: (+1)
   \        0x0   0xB580             PUSH     {R7,LR}
      9              /* UART TX/RX port clock enable */
     10              RCC_APB2PeriphClockCmd(RCC_APB2Periph_GPIOA, ENABLE); 
   \        0x2   0x2101             MOVS     R1,#+1
   \        0x4   0x2004             MOVS     R0,#+4
   \        0x6   0x.... 0x....      BL       RCC_APB2PeriphClockCmd
     11              /* USART1 clock enable */
     12              RCC_APB2PeriphClockCmd(RCC_APB2Periph_USART1, ENABLE);	
   \        0xA   0x2101             MOVS     R1,#+1
   \        0xC   0xF44F 0x4080      MOV      R0,#+16384
   \       0x10   0x.... 0x....      BL       RCC_APB2PeriphClockCmd
     13              /* USART2 clock enable */
     14              RCC_APB1PeriphClockCmd(RCC_APB1Periph_USART2, ENABLE);	
   \       0x14   0x2101             MOVS     R1,#+1
   \       0x16   0xF45F 0x3000      MOVS     R0,#+131072
   \       0x1A   0x.... 0x....      BL       RCC_APB1PeriphClockCmd
     15              /* Alternate Function IO clock enable */
     16              RCC_APB2PeriphClockCmd(RCC_APB2Periph_AFIO, ENABLE);
   \       0x1E   0x2101             MOVS     R1,#+1
   \       0x20   0x2001             MOVS     R0,#+1
   \       0x22   0x.... 0x....      BL       RCC_APB2PeriphClockCmd
     17          }
   \       0x26   0xBD01             POP      {R0,PC}
     18          

   \                                 In section .text, align 2, keep-with-next
     19          void BT_GPIO_Configure(void) {
   \                     BT_GPIO_Configure: (+1)
   \        0x0   0xB51C             PUSH     {R2-R4,LR}
     20              /* UART1 pin setting */
     21              //TX
     22              GPIO_InitTypeDef GPIO_InitStructure_TX;
     23              GPIO_InitStructure_TX.GPIO_Pin = GPIO_Pin_9;
   \        0x2   0xF44F 0x7000      MOV      R0,#+512
   \        0x6   0xF8AD 0x0000      STRH     R0,[SP, #+0]
     24              GPIO_InitStructure_TX.GPIO_Speed = GPIO_Speed_50MHz;   
   \        0xA   0x2003             MOVS     R0,#+3
   \        0xC   0xF88D 0x0002      STRB     R0,[SP, #+2]
     25              GPIO_InitStructure_TX.GPIO_Mode = GPIO_Mode_AF_PP;
   \       0x10   0x2018             MOVS     R0,#+24
   \       0x12   0xF88D 0x0003      STRB     R0,[SP, #+3]
     26              GPIO_Init(GPIOA, &GPIO_InitStructure_TX);
   \       0x16   0x....             LDR.N    R4,??DataTable3_1
   \       0x18   0x4669             MOV      R1,SP
   \       0x1A   0x0020             MOVS     R0,R4
   \       0x1C   0x.... 0x....      BL       GPIO_Init
     27              //RX
     28              GPIO_InitTypeDef GPIO_InitStructure_RX;
     29              GPIO_InitStructure_RX.GPIO_Pin = GPIO_Pin_10;
   \       0x20   0xF44F 0x6080      MOV      R0,#+1024
   \       0x24   0xF8AD 0x0004      STRH     R0,[SP, #+4]
     30              GPIO_InitStructure_RX.GPIO_Mode = GPIO_Mode_IPU|GPIO_Mode_IPD;
                                                     ^
Warning[Pe188]: enumerated type mixed with another type
   \       0x28   0x2068             MOVS     R0,#+104
   \       0x2A   0xF88D 0x0007      STRB     R0,[SP, #+7]
     31              GPIO_Init(GPIOA, &GPIO_InitStructure_RX);
   \       0x2E   0xA901             ADD      R1,SP,#+4
   \       0x30   0x0020             MOVS     R0,R4
   \       0x32   0x.... 0x....      BL       GPIO_Init
     32              
     33              /* UART2 pin setting */
     34              //TX
     35              GPIO_InitStructure_TX.GPIO_Pin = GPIO_Pin_2;
   \       0x36   0x2004             MOVS     R0,#+4
   \       0x38   0xF8AD 0x0000      STRH     R0,[SP, #+0]
     36              GPIO_InitStructure_TX.GPIO_Speed = GPIO_Speed_50MHz;   
   \       0x3C   0x2003             MOVS     R0,#+3
   \       0x3E   0xF88D 0x0002      STRB     R0,[SP, #+2]
     37              GPIO_InitStructure_TX.GPIO_Mode = GPIO_Mode_AF_PP;
   \       0x42   0x2018             MOVS     R0,#+24
   \       0x44   0xF88D 0x0003      STRB     R0,[SP, #+3]
     38              GPIO_Init(GPIOA, &GPIO_InitStructure_TX);  
   \       0x48   0x4669             MOV      R1,SP
   \       0x4A   0x0020             MOVS     R0,R4
   \       0x4C   0x.... 0x....      BL       GPIO_Init
     39              //RX
     40              GPIO_InitStructure_RX.GPIO_Pin = GPIO_Pin_3;
   \       0x50   0x2008             MOVS     R0,#+8
   \       0x52   0xF8AD 0x0004      STRH     R0,[SP, #+4]
     41              GPIO_InitStructure_RX.GPIO_Mode = GPIO_Mode_IPU|GPIO_Mode_IPD;
                                                     ^
Warning[Pe188]: enumerated type mixed with another type
   \       0x56   0x2068             MOVS     R0,#+104
   \       0x58   0xF88D 0x0007      STRB     R0,[SP, #+7]
     42              GPIO_Init(GPIOA, &GPIO_InitStructure_RX);
   \       0x5C   0xA901             ADD      R1,SP,#+4
   \       0x5E   0x0020             MOVS     R0,R4
   \       0x60   0x.... 0x....      BL       GPIO_Init
     43          }
   \       0x64   0xBD13             POP      {R0,R1,R4,PC}
     44          

   \                                 In section .text, align 2, keep-with-next
     45          void BT_UART_Configure(void) {
   \                     BT_UART_Configure: (+1)
   \        0x0   0xB570             PUSH     {R4-R6,LR}
   \        0x2   0xB088             SUB      SP,SP,#+32
     46              USART_InitTypeDef USART1_InitStructure;
     47              USART_InitTypeDef USART2_InitStructure;
     48          
     49              USART1_InitStructure.USART_BaudRate = 9600;                                      
   \        0x4   0xF44F 0x5416      MOV      R4,#+9600
   \        0x8   0x9404             STR      R4,[SP, #+16]
     50              USART1_InitStructure.USART_HardwareFlowControl = USART_HardwareFlowControl_None;   
   \        0xA   0x2000             MOVS     R0,#+0
   \        0xC   0xF8AD 0x001C      STRH     R0,[SP, #+28]
     51              USART1_InitStructure.USART_Mode = USART_Mode_Rx | USART_Mode_Tx;  
   \       0x10   0x200C             MOVS     R0,#+12
   \       0x12   0xF8AD 0x001A      STRH     R0,[SP, #+26]
     52              USART1_InitStructure.USART_Parity = USART_Parity_No;                                  
   \       0x16   0x2000             MOVS     R0,#+0
   \       0x18   0xF8AD 0x0018      STRH     R0,[SP, #+24]
     53              USART1_InitStructure.USART_StopBits = USART_StopBits_1;                               
   \       0x1C   0x2000             MOVS     R0,#+0
   \       0x1E   0xF8AD 0x0016      STRH     R0,[SP, #+22]
     54              USART1_InitStructure.USART_WordLength = USART_WordLength_8b;                          
   \       0x22   0x2000             MOVS     R0,#+0
   \       0x24   0xF8AD 0x0014      STRH     R0,[SP, #+20]
     55              USART_Init(USART1, &USART1_InitStructure);
   \       0x28   0x....             LDR.N    R5,??DataTable3_2
   \       0x2A   0xA904             ADD      R1,SP,#+16
   \       0x2C   0x0028             MOVS     R0,R5
   \       0x2E   0x.... 0x....      BL       USART_Init
     56          
     57              USART2_InitStructure.USART_BaudRate = 9600;                                      
   \       0x32   0x9400             STR      R4,[SP, #+0]
     58              USART2_InitStructure.USART_HardwareFlowControl = USART_HardwareFlowControl_None;   
   \       0x34   0x2000             MOVS     R0,#+0
   \       0x36   0xF8AD 0x000C      STRH     R0,[SP, #+12]
     59              USART2_InitStructure.USART_Mode = USART_Mode_Rx | USART_Mode_Tx;  
   \       0x3A   0x200C             MOVS     R0,#+12
   \       0x3C   0xF8AD 0x000A      STRH     R0,[SP, #+10]
     60              USART2_InitStructure.USART_Parity = USART_Parity_No;                                  
   \       0x40   0x2000             MOVS     R0,#+0
   \       0x42   0xF8AD 0x0008      STRH     R0,[SP, #+8]
     61              USART2_InitStructure.USART_StopBits = USART_StopBits_1;                               
   \       0x46   0x2000             MOVS     R0,#+0
   \       0x48   0xF8AD 0x0006      STRH     R0,[SP, #+6]
     62              USART2_InitStructure.USART_WordLength = USART_WordLength_8b;
   \       0x4C   0x2000             MOVS     R0,#+0
   \       0x4E   0xF8AD 0x0004      STRH     R0,[SP, #+4]
     63              USART_Init(USART2, &USART2_InitStructure); 
   \       0x52   0x....             LDR.N    R4,??DataTable3_3
   \       0x54   0x4669             MOV      R1,SP
   \       0x56   0x0020             MOVS     R0,R4
   \       0x58   0x.... 0x....      BL       USART_Init
     64          
     65              // Enable the USART peripheral
     66              USART_Cmd(USART1, ENABLE);
   \       0x5C   0x2101             MOVS     R1,#+1
   \       0x5E   0x0028             MOVS     R0,R5
   \       0x60   0x.... 0x....      BL       USART_Cmd
     67              USART_Cmd(USART2, ENABLE);
   \       0x64   0x2101             MOVS     R1,#+1
   \       0x66   0x0020             MOVS     R0,R4
   \       0x68   0x.... 0x....      BL       USART_Cmd
     68          
     69              // Enable the USART RX interrupts using the function 'USART_ITConfig' and the argument value 'Receive Data register not empty interrupt'
     70              USART_ITConfig(USART1, USART_IT_RXNE, ENABLE);
   \       0x6C   0xF240 0x5625      MOVW     R6,#+1317
   \       0x70   0x2201             MOVS     R2,#+1
   \       0x72   0x0031             MOVS     R1,R6
   \       0x74   0x0028             MOVS     R0,R5
   \       0x76   0x.... 0x....      BL       USART_ITConfig
     71              USART_ITConfig(USART2, USART_IT_RXNE, ENABLE);      
   \       0x7A   0x2201             MOVS     R2,#+1
   \       0x7C   0x0031             MOVS     R1,R6
   \       0x7E   0x0020             MOVS     R0,R4
   \       0x80   0x.... 0x....      BL       USART_ITConfig
     72          }
   \       0x84   0xB008             ADD      SP,SP,#+32
   \       0x86   0xBD70             POP      {R4-R6,PC}
     73          

   \                                 In section .text, align 2, keep-with-next
     74          void BT_NVIC_Configure(void) {
   \                     BT_NVIC_Configure: (+1)
   \        0x0   0xB580             PUSH     {R7,LR}
     75              NVIC_InitTypeDef NVIC_InitStructure;
     76              //NVIC_PriorityGroupConfig(NVIC_PriorityGroup2);
     77          
     78              // 'NVIC_EnableIRQ' is only required for USART setting
     79              NVIC_EnableIRQ(USART1_IRQn);
   \        0x2   0x2025             MOVS     R0,#+37
   \        0x4   0x.... 0x....      BL       __NVIC_EnableIRQ
     80              NVIC_InitStructure.NVIC_IRQChannel = USART1_IRQn;
   \        0x8   0x2025             MOVS     R0,#+37
   \        0xA   0xF88D 0x0000      STRB     R0,[SP, #+0]
     81              NVIC_InitStructure.NVIC_IRQChannelPreemptionPriority = 0x01 ;
   \        0xE   0x2001             MOVS     R0,#+1
   \       0x10   0xF88D 0x0001      STRB     R0,[SP, #+1]
     82              NVIC_InitStructure.NVIC_IRQChannelSubPriority = 0x01;
   \       0x14   0x2001             MOVS     R0,#+1
   \       0x16   0xF88D 0x0002      STRB     R0,[SP, #+2]
     83              NVIC_InitStructure.NVIC_IRQChannelCmd = ENABLE;
   \       0x1A   0x2001             MOVS     R0,#+1
   \       0x1C   0xF88D 0x0003      STRB     R0,[SP, #+3]
     84              NVIC_Init(&NVIC_InitStructure);
   \       0x20   0x4668             MOV      R0,SP
   \       0x22   0x.... 0x....      BL       NVIC_Init
     85          
     86              NVIC_EnableIRQ(USART2_IRQn);
   \       0x26   0x2026             MOVS     R0,#+38
   \       0x28   0x.... 0x....      BL       __NVIC_EnableIRQ
     87              NVIC_InitStructure.NVIC_IRQChannel = USART2_IRQn;
   \       0x2C   0x2026             MOVS     R0,#+38
   \       0x2E   0xF88D 0x0000      STRB     R0,[SP, #+0]
     88              NVIC_InitStructure.NVIC_IRQChannelPreemptionPriority = 0x01 ;
   \       0x32   0x2001             MOVS     R0,#+1
   \       0x34   0xF88D 0x0001      STRB     R0,[SP, #+1]
     89              NVIC_InitStructure.NVIC_IRQChannelSubPriority = 0x01;
   \       0x38   0x2001             MOVS     R0,#+1
   \       0x3A   0xF88D 0x0002      STRB     R0,[SP, #+2]
     90              NVIC_InitStructure.NVIC_IRQChannelCmd = ENABLE;
   \       0x3E   0x2001             MOVS     R0,#+1
   \       0x40   0xF88D 0x0003      STRB     R0,[SP, #+3]
     91              NVIC_Init(&NVIC_InitStructure);
   \       0x44   0x4668             MOV      R0,SP
   \       0x46   0x.... 0x....      BL       NVIC_Init
     92          }
   \       0x4A   0xBD01             POP      {R0,PC}
     93          

   \                                 In section .text, align 2, keep-with-next
     94          void BT_init(BTConfig *config){
   \                     BT_init: (+1)
   \        0x0   0xB580             PUSH     {R7,LR}
     95              config->isValid = false;
   \        0x2   0x2100             MOVS     R1,#+0
   \        0x4   0x7001             STRB     R1,[R0, #+0]
     96              config->isATscan = false;
   \        0x6   0x2100             MOVS     R1,#+0
   \        0x8   0x7041             STRB     R1,[R0, #+1]
     97              BT_RCC_Configure();
   \        0xA   0x.... 0x....      BL       BT_RCC_Configure
     98              BT_GPIO_Configure();
   \        0xE   0x.... 0x....      BL       BT_GPIO_Configure
     99              BT_UART_Configure();
   \       0x12   0x.... 0x....      BL       BT_UART_Configure
    100              BT_NVIC_Configure();  
   \       0x16   0x.... 0x....      BL       BT_NVIC_Configure
    101          }
   \       0x1A   0xBD01             POP      {R0,PC}
    102          

   \                                 In section .text, align 2, keep-with-next
    103          int BT_send_data(const char *data, BTConfig *config){
   \                     BT_send_data: (+1)
   \        0x0   0xB570             PUSH     {R4-R6,LR}
   \        0x2   0x0004             MOVS     R4,R0
   \        0x4   0x000D             MOVS     R5,R1
    104              int i = 0;
   \        0x6   0x2000             MOVS     R0,#+0
    105              // 블루투스 정상 연결
    106              if(config->isValid == false) return 0;
   \        0x8   0x7828             LDRB     R0,[R5, #+0]
   \        0xA   0x2800             CMP      R0,#+0
   \        0xC   0xD101             BNE.N    ??BT_send_data_0
   \        0xE   0x2000             MOVS     R0,#+0
   \       0x10   0xE019             B.N      ??BT_send_data_1
    107              
    108              for(i=0; i<strlen(data); i++){
   \                     ??BT_send_data_0: (+1)
   \       0x12   0x2600             MOVS     R6,#+0
   \       0x14   0xE008             B.N      ??BT_send_data_2
    109                  USART_SendData(USART2, data[i]);
   \                     ??BT_send_data_3: (+1)
   \       0x16   0x5DA1             LDRB     R1,[R4, R6]
   \       0x18   0xB289             UXTH     R1,R1
   \       0x1A   0x....             LDR.N    R0,??DataTable3_3
   \       0x1C   0x.... 0x....      BL       USART_SendData
    110                  delay_ms(10);
                         ^
Warning[Pe223]: function "delay_ms" declared implicitly
   \       0x20   0x200A             MOVS     R0,#+10
   \       0x22   0x.... 0x....      BL       delay_ms
    111              }
   \       0x26   0x1C76             ADDS     R6,R6,#+1
   \                     ??BT_send_data_2: (+1)
   \       0x28   0x0020             MOVS     R0,R4
   \       0x2A   0x.... 0x....      BL       strlen
   \       0x2E   0x4286             CMP      R6,R0
   \       0x30   0xD3F1             BCC.N    ??BT_send_data_3
    112              USART_SendData(USART2, '\r');
   \       0x32   0x210D             MOVS     R1,#+13
   \       0x34   0x....             LDR.N    R0,??DataTable3_3
   \       0x36   0x.... 0x....      BL       USART_SendData
    113              delay_ms(10);
                     ^
Warning[Pe223]: function "delay_ms" declared implicitly
   \       0x3A   0x200A             MOVS     R0,#+10
   \       0x3C   0x.... 0x....      BL       delay_ms
    114              config->isValid = false;
   \       0x40   0x2000             MOVS     R0,#+0
   \       0x42   0x7028             STRB     R0,[R5, #+0]
    115              return 1;
   \       0x44   0x2001             MOVS     R0,#+1
   \                     ??BT_send_data_1: (+1)
   \       0x46   0xBD70             POP      {R4-R6,PC}
    116          }

   \                                 In section .text, align 4, keep-with-next
   \                     ??DataTable3:
   \        0x0   0xE000'E100        DC32     0xe000e100

   \                                 In section .text, align 4, keep-with-next
   \                     ??DataTable3_1:
   \        0x0   0x4001'0800        DC32     0x40010800

   \                                 In section .text, align 4, keep-with-next
   \                     ??DataTable3_2:
   \        0x0   0x4001'3800        DC32     0x40013800

   \                                 In section .text, align 4, keep-with-next
   \                     ??DataTable3_3:
   \        0x0   0x4000'4400        DC32     0x40004400

   Maximum stack usage in bytes:

   .cstack Function
   ------- --------
      16   BT_GPIO_Configure
        16   -> GPIO_Init
       8   BT_NVIC_Configure
         8   -> NVIC_Init
         8   -> __NVIC_EnableIRQ
       8   BT_RCC_Configure
         8   -> RCC_APB1PeriphClockCmd
         8   -> RCC_APB2PeriphClockCmd
      48   BT_UART_Configure
        48   -> USART_Cmd
        48   -> USART_ITConfig
        48   -> USART_Init
       8   BT_init
         8   -> BT_GPIO_Configure
         8   -> BT_NVIC_Configure
         8   -> BT_RCC_Configure
         8   -> BT_UART_Configure
      16   BT_send_data
        16   -> USART_SendData
        16   -> delay_ms
        16   -> strlen
       0   __NVIC_EnableIRQ


   Section sizes:

   Bytes  Function/Label
   -----  --------------
       4  ??DataTable3
       4  ??DataTable3_1
       4  ??DataTable3_2
       4  ??DataTable3_3
     102  BT_GPIO_Configure
      76  BT_NVIC_Configure
      40  BT_RCC_Configure
     136  BT_UART_Configure
      28  BT_init
      72  BT_send_data
      28  __NVIC_EnableIRQ

 
 498 bytes in section .text
 
 498 bytes of CODE memory

Errors: none
Warnings: 4
