###############################################################################
#
# IAR ANSI C/C++ Compiler V9.30.1.335/W64 for ARM         07/Dec/2022  00:23:16
# Copyright 1999-2022 IAR Systems AB.
#
#    Cpu mode                     =  thumb
#    Endian                       =  little
#    Source file                  =
#        C:\Users\ZETA\Desktop\EMB\embedded_system_design\PROJECT\termp\user\light.c
#    Command line                 =
#        -f
#        C:\Users\ZETA\Desktop\EMB\embedded_system_design\PROJECT\termp\Debug\Obj\user\light.o.rsp
#        (C:\Users\ZETA\Desktop\EMB\embedded_system_design\PROJECT\termp\user\light.c
#        -D USE_STDPERIPH_DRIVER -D STM32F10X_CL -lC
#        C:\Users\ZETA\Desktop\EMB\embedded_system_design\PROJECT\termp\Debug\List\user
#        -o
#        C:\Users\ZETA\Desktop\EMB\embedded_system_design\PROJECT\termp\Debug\Obj\user
#        --no_cse --no_unroll --no_inline --no_code_motion --no_tbaa
#        --no_clustering --no_scheduling --debug --endian=little
#        --cpu=Cortex-M3 -e --fpu=None --dlib_config "C:\Program Files\IAR
#        Systems\Embedded Workbench 9.1\arm\inc\c\DLib_Config_Normal.h" -I
#        C:\Users\ZETA\Desktop\EMB\embedded_system_design\PROJECT\termp\libraries\CMSIS\DeviceSupport\
#        -I
#        C:\Users\ZETA\Desktop\EMB\embedded_system_design\PROJECT\termp\libraries\CMSIS\DeviceSupport\Startup\
#        -I
#        C:\Users\ZETA\Desktop\EMB\embedded_system_design\PROJECT\termp\libraries\STM32F10x_StdPeriph_Driver_v3.5\inc\
#        -I
#        C:\Users\ZETA\Desktop\EMB\embedded_system_design\PROJECT\termp\libraries\STM32F10x_StdPeriph_Driver_v3.5\src\
#        -I
#        C:\Users\ZETA\Desktop\EMB\embedded_system_design\PROJECT\termp\user\
#        -I
#        C:\Users\ZETA\Desktop\EMB\embedded_system_design\PROJECT\termp\user\inc\
#        -Ol -I "C:\Program Files\IAR Systems\Embedded Workbench
#        9.1\arm\CMSIS\Core\Include\\") --dependencies=n
#        C:\Users\ZETA\Desktop\EMB\embedded_system_design\PROJECT\termp\Debug\Obj\user\light.o.d
#    Locale                       =  C
#    List file                    =
#        C:\Users\ZETA\Desktop\EMB\embedded_system_design\PROJECT\termp\Debug\List\user\light.lst
#    Object file                  =
#        C:\Users\ZETA\Desktop\EMB\embedded_system_design\PROJECT\termp\Debug\Obj\user\light.o
#    Runtime model:                  
#      __CPP_Runtime              =  1
#      __SystemLibrary            =  DLib
#      __dlib_file_descriptor     =  0
#      __dlib_full_locale_support =  0
#      __dlib_version             =  6
#      __size_limit               =  32768|ARM.EW.LINKER
#
###############################################################################

C:\Users\ZETA\Desktop\EMB\embedded_system_design\PROJECT\termp\user\light.c
      1          #include "light.h"
      2          
      3          

   \                                 In section .text, align 2, keep-with-next
      4          void light_RCC_Configure() {
   \                     light_RCC_Configure: (+1)
   \        0x0   0xB580             PUSH     {R7,LR}
      5            RCC_APB2PeriphClockCmd(RCC_APB2Periph_GPIOD, ENABLE);
   \        0x2   0x2101             MOVS     R1,#+1
   \        0x4   0x2020             MOVS     R0,#+32
   \        0x6   0x.... 0x....      BL       RCC_APB2PeriphClockCmd
      6          }
   \        0xA   0xBD01             POP      {R0,PC}
      7          

   \                                 In section .text, align 2, keep-with-next
      8          void light_GPIO_Configure() {
   \                     light_GPIO_Configure: (+1)
   \        0x0   0xB580             PUSH     {R7,LR}
      9            GPIO_InitTypeDef GPIO_InitStructure;
     10            
     11            GPIO_InitStructure.GPIO_Pin = GPIO_Pin_8 | GPIO_Pin_9 | GPIO_Pin_10 | GPIO_Pin_11;
   \        0x2   0xF44F 0x6070      MOV      R0,#+3840
   \        0x6   0xF8AD 0x0000      STRH     R0,[SP, #+0]
     12            GPIO_InitStructure.GPIO_Mode = GPIO_Mode_Out_PP;
   \        0xA   0x2010             MOVS     R0,#+16
   \        0xC   0xF88D 0x0003      STRB     R0,[SP, #+3]
     13            GPIO_InitStructure.GPIO_Speed = GPIO_Speed_50MHz;
   \       0x10   0x2003             MOVS     R0,#+3
   \       0x12   0xF88D 0x0002      STRB     R0,[SP, #+2]
     14            GPIO_Init(GPIOD, &GPIO_InitStructure);
   \       0x16   0x4669             MOV      R1,SP
   \       0x18   0x....             LDR.N    R0,??DataTable1
   \       0x1A   0x.... 0x....      BL       GPIO_Init
     15          }
   \       0x1E   0xBD01             POP      {R0,PC}
     16          

   \                                 In section .text, align 2, keep-with-next
     17          void light_Init() {
   \                     light_Init: (+1)
   \        0x0   0xB580             PUSH     {R7,LR}
     18            light_RCC_Configure();
   \        0x2   0x.... 0x....      BL       light_RCC_Configure
     19            light_GPIO_Configure();
   \        0x6   0x.... 0x....      BL       light_GPIO_Configure
     20          }
   \        0xA   0xBD01             POP      {R0,PC}

   \                                 In section .text, align 4, keep-with-next
   \                     ??DataTable1:
   \        0x0   0x4001'1400        DC32     0x40011400

   Maximum stack usage in bytes:

   .cstack Function
   ------- --------
       8   light_GPIO_Configure
         8   -> GPIO_Init
       8   light_Init
         8   -> light_GPIO_Configure
         8   -> light_RCC_Configure
       8   light_RCC_Configure
         8   -> RCC_APB2PeriphClockCmd


   Section sizes:

   Bytes  Function/Label
   -----  --------------
       4  ??DataTable1
      32  light_GPIO_Configure
      12  light_Init
      12  light_RCC_Configure

 
 60 bytes in section .text
 
 60 bytes of CODE memory

Errors: none
Warnings: none
